"Timestamp","Function","Services","Status","RAMFreed_MB","RebootRequired"
"2025-12-31 23:34:09","hibernar-antivirus [-Exclusiones]","","Completado","-98,02","False"
"2025-12-31 23:43:05","hibernar-antivirus [-Exclusiones]","","Completado","-142,47","False"
"2025-12-31 23:45:54","hibernar-light","DiagTrack, dmwappushservice, WerSvc, DusmSvc, gupdate, gupdatem","Completado","-41,21","False"
"2025-12-31 23:46:10","hibernar-terceros [STANDARD]","LenovoVantageService, AdobeARMservice","Completado","1","False"
"2025-12-31 23:56:34","hibernar-antivirus [-Exclusiones]","","Completado","-150,51","False"
"2026-01-01 00:01:14","hibernar-antivirus [-Exclusiones]","","Completado","-36,42","False"
"2026-01-01 00:01:14","hibernar-antivirus [-Bitdefender]","bdvpnService","Completado","-17,21","False"
"2026-01-01 00:02:14","hibernar-antivirus [-Exclusiones]","","Completado","-12,91","False"
"2026-01-01 00:02:14","hibernar-antivirus [-Bitdefender]","bdvpnService","Completado","-24,87","False"
"2026-01-01 00:06:26","hibernar-antivirus [-Exclusiones]","","Completado","-13,77","False"
"2026-01-01 00:06:26","hibernar-antivirus [-Bitdefender]","bdvpnService","Completado","-26,81","False"
"2026-01-01 00:08:07","hibernar-antivirus [-Exclusiones]","","Completado","-28,03","False"
"2026-01-01 00:08:07","hibernar-antivirus [-Bitdefender]","bdvpnService","Completado","-35,31","False"
"2026-01-01 00:10:07","hibernar-antivirus [-Bitdefender]","bdvpnService","Completado","-120,28","False"
"2026-01-01 00:20:23","hibernar-antivirus [-Exclusiones]","","Completado","-128,14","False"
"2026-01-01 00:20:23","hibernar-antivirus [-Bitdefender]","bdvpnService","Completado","-139,33","False"
"2026-01-01 00:21:08","reverter-hibernacion [All]","bdvpnService, DefenderExclusions","Revertido","N/A","False"
"2026-01-01 00:22:08","hibernar-antivirus [-Exclusiones]","","Completado","-115,09","False"
"2026-01-01 00:22:08","hibernar-antivirus [-Bitdefender]","bdvpnService","Completado","-122,94","False"
"2026-01-01 00:30:04","hibernar-antivirus [-Exclusiones]","","Completado","-109,78","False"
"2026-01-01 00:30:04","hibernar-antivirus [-Bitdefender]","bdvpnService","Completado","-141,15","False"
"2026-01-01 00:32:49","hibernar-antivirus [-Exclusiones]","","Completado","-25,02","False"
"2026-01-01 00:32:49","hibernar-antivirus [-Bitdefender]","bdvpnService","Completado","-47,23","False"
"2026-01-01 00:45:24","hibernar-light","DiagTrack, dmwappushservice, WerSvc, DusmSvc, gupdate, gupdatem","Completado","0,36","False"
"2026-01-01 00:48:52","hibernar-light","DiagTrack, dmwappushservice, WerSvc, DusmSvc, gupdate, gupdatem","Completado","1,68","False"
"2026-01-01 00:48:54","hibernar-terceros [STANDARD]","LenovoVantageService, AdobeARMservice","Completado","-8,16","False"
"2026-01-01 00:49:05","hibernar-antivirus [-Exclusiones]","","Completado","-121,57","False"
"2026-01-01 00:49:05","hibernar-antivirus [-Bitdefender]","bdvpnService","Completado","-134,51","False"
"2026-01-01 00:55:45","hibernar-antivirus [-Exclusiones]","","Completado","-111,47","False"
"2026-01-01 00:55:45","hibernar-antivirus [-Bitdefender]","bdvpnService","Completado","-134,41","False"
"2026-01-01 00:56:21","hibernar-antivirus [-Exclusiones]","","Completado","-122,02","False"
"2026-01-01 00:56:21","hibernar-antivirus [-Bitdefender]","bdvpnService","Completado","-133,43","False"
"2026-01-01 01:09:24","hibernar-antivirus [-Exclusiones]","","Completado","-149,66","False"
"2026-01-01 01:26:54","hibernar-light","DiagTrack, dmwappushservice, WerSvc, DusmSvc, gupdate, gupdatem, bdvpnService","Completado","0,64","False"
"2026-01-01 01:27:04","hibernar-terceros [STANDARD]","LenovoVantageService, AdobeARMservice","Completado","0,48","False"
"2026-01-01 10:11:55","hiber-Light","DiagTrack, dmwappushservice, WerSvc, DusmSvc, gupdate, gupdatem, bdvpnService, EpsonScanSvc, OneSyncSvc, MapsBroker, CDPSvc","Completado","5,98","False"
"2026-01-01 10:12:08","hiber-Terceros","LenovoVantageService, AdobeARMservice, ClickToRunSvc, BraveElevationService","Completado","5,82","False"
"2026-01-01 10:13:43","hiber-DeepWork","WSearch, Spooler, SysMain, Themes, WbioSrvc, Stisvc","Completado","53,86","False"
"2026-01-01 10:13:56","hiber-Light","DiagTrack, dmwappushservice, WerSvc, DusmSvc, gupdate, gupdatem, bdvpnService, EpsonScanSvc, OneSyncSvc, MapsBroker, CDPSvc","Completado","1,02","False"
"2026-01-01 10:14:01","hiber-Terceros","LenovoVantageService, AdobeARMservice, ClickToRunSvc, BraveElevationService","Completado","0,44","False"
"2026-01-01 10:14:14","hiber-DeepWork","WSearch, Spooler, SysMain, Themes, WbioSrvc, Stisvc","Completado","0,57","False"
"2026-01-01 10:14:22","hiber-Terceros","LenovoVantageService, AdobeARMservice, ClickToRunSvc, BraveElevationService","Completado","0,53","False"
"2026-01-01 10:15:41","hiber-Light","DiagTrack, dmwappushservice, WerSvc, DusmSvc, gupdate, gupdatem, bdvpnService, EpsonScanSvc, OneSyncSvc, MapsBroker, CDPSvc","Completado","4,26","False"
"2026-01-01 10:15:46","hiber-Terceros","LenovoVantageService, AdobeARMservice, ClickToRunSvc, BraveElevationService","Completado","1,06","False"
"2026-01-01 10:16:02","hiber-DeepWork","WSearch, Spooler, SysMain, Themes, WbioSrvc, Stisvc","Completado","0,76","False"
"2026-01-01 10:16:43","hiber-Light","DiagTrack, dmwappushservice, WerSvc, DusmSvc, gupdate, gupdatem, bdvpnService, EpsonScanSvc, OneSyncSvc, MapsBroker, CDPSvc","Completado","2,55","False"
"2026-01-01 10:17:31","hiber-Terceros","LenovoVantageService, AdobeARMservice, ClickToRunSvc, BraveElevationService","Completado","0,6","False"
"2026-01-01 10:17:57","hiber-DeepWork","WSearch, Spooler, SysMain, Themes, WbioSrvc, Stisvc","Completado","0,35","False"
"2026-01-01 10:56:58","hiber-Light","DiagTrack, dmwappushservice, WerSvc, DusmSvc, gupdate, gupdatem, bdvpnService, EpsonScanSvc, OneSyncSvc, MapsBroker, CDPSvc","Completado","-19,97","False"
"2026-01-01 10:57:02","hiber-Terceros","LenovoVantageService, AdobeARMservice, ClickToRunSvc, BraveElevationService","Completado","-10,73","False"
"2026-01-01 10:57:06","hiber-DeepWork","WSearch, Spooler, SysMain, Themes, WbioSrvc, Stisvc","Completado","0,49","False"
"2026-01-02 10:39:38","hiber-Light","DiagTrack, dmwappushservice, WerSvc, DusmSvc, gupdate, gupdatem, bdvpnService, EpsonScanSvc, OneSyncSvc, MapsBroker, CDPSvc","Completado","-26,09","False"
"2026-01-02 10:39:39","hiber-Terceros","LenovoVantageService, AdobeARMservice, ClickToRunSvc, BraveElevationService","Completado","34,87","False"
"2026-01-02 10:39:42","hiber-DeepWork","WSearch, Spooler, SysMain, Themes, WbioSrvc, Stisvc","Completado","-34,21","False"
"2026-01-02 10:40:27","hiber-DeepWork","WSearch, Spooler, SysMain, Themes, WbioSrvc, Stisvc","Completado","15,23","False"
"2026-01-02 10:40:36","hiber-Terceros","LenovoVantageService, AdobeARMservice, ClickToRunSvc, BraveElevationService","Completado","-7,39","False"
"2026-01-02 10:40:45","hiber-Light","DiagTrack, dmwappushservice, WerSvc, DusmSvc, gupdate, gupdatem, bdvpnService, EpsonScanSvc, OneSyncSvc, MapsBroker, CDPSvc","Completado","7,33","False"
"2026-01-02 13:08:37","hiber-Light","DiagTrack, dmwappushservice, WerSvc, DusmSvc, gupdate, gupdatem, bdvpnService, EpsonScanSvc, OneSyncSvc, MapsBroker, CDPSvc","Completado","209,14","False"
"2026-01-02 13:08:42","hiber-Terceros","LenovoVantageService, AdobeARMservice, BraveElevationService","Completado","0,68","False"
"2026-01-02 13:08:50","hiber-DeepWork","WSearch, Spooler, SysMain, Themes, WbioSrvc, Stisvc","Completado","338,44","False"
"2026-01-02 18:39:07","hiber-Light","DiagTrack, dmwappushservice, WerSvc, DusmSvc, gupdate, gupdatem, bdvpnService, EpsonScanSvc, OneSyncSvc, MapsBroker, CDPSvc","Completado","-14,78","False"
"2026-01-02 18:43:13","hiber-Terceros","LenovoVantageService, AdobeARMservice, BraveElevationService","Completado","-3,55","False"
"2026-01-03 00:05:44","reverter-hibernacion [All]","DusmSvc, LenovoVantageService, AdobeARMservice, EpsonScanSvc, gupdate, DiagTrack, bdvpnService, BraveElevationService, MapsBroker, CDPSvc, gupdatem, dmwappushservice, OneSyncSvc, WerSvc","Revertido","N/A","False"
"2026-01-03 04:16:51","reverter-hibernacion [All]","","Revertido","N/A","False"
"2026-01-04 09:08:05","hiber-Light","DiagTrack, dmwappushservice, WerSvc, DusmSvc, gupdate, gupdatem, bdvpnService, EpsonScanSvc, OneSyncSvc, MapsBroker, CDPSvc","Completado","-32,72","False"
"2026-01-04 09:09:53","hiber-Terceros","LenovoVantageService, AdobeARMservice, BraveElevationService","Completado","-17,09","False"
"2026-01-04 22:01:25","hiber-Light","DiagTrack, dmwappushservice, WerSvc, DusmSvc, gupdate, gupdatem, bdvpnService, EpsonScanSvc, OneSyncSvc, MapsBroker, CDPSvc","Completado","0,49","False"
"2026-01-04 22:01:29","hiber-Terceros","LenovoVantageService, AdobeARMservice, BraveElevationService","Completado","-3,61","False"
"2026-01-05 10:09:40","reverter-hibernacion [All]","","Revertido","N/A","False"
"2026-01-05 14:56:43","hiber-Light","DiagTrack, dmwappushservice, WerSvc, DusmSvc, gupdate, gupdatem, bdvpnService, EpsonScanSvc, OneSyncSvc, MapsBroker, CDPSvc","Completado","-10,14","False"
"2026-01-05 14:59:59","reverter-hibernacion [All]","DiagTrack, EpsonScanSvc, gupdatem, bdvpnService, dmwappushservice, OneSyncSvc, DusmSvc, gupdate, CDPSvc, WerSvc, MapsBroker","Revertido","N/A","False"
"2026-01-05 15:15:14","hiber-Light","DiagTrack, dmwappushservice, WerSvc, DusmSvc, gupdate, gupdatem, bdvpnService, EpsonScanSvc, OneSyncSvc, MapsBroker, CDPSvc","Completado","-19,37","False"
"2026-01-05 16:51:22","hiber-Light","DiagTrack, dmwappushservice, WerSvc, DusmSvc, gupdate, gupdatem, bdvpnService, EpsonScanSvc, OneSyncSvc, MapsBroker, CDPSvc","Completado","-3,34","False"
"2026-01-06 12:33:20","hiber-Light","DiagTrack, dmwappushservice, WerSvc, DusmSvc, gupdate, gupdatem, bdvpnService, EpsonScanSvc, OneSyncSvc, MapsBroker, CDPSvc","Completado","-12,4","False"
"2026-01-12 10:47:53","hiber-Light","DiagTrack, dmwappushservice, WerSvc, DusmSvc, gupdate, gupdatem, bdvpnService, EpsonScanSvc, OneSyncSvc, MapsBroker, CDPSvc","Completado","-18,46","False"
"2026-01-12 11:09:54","hiber-Light","DiagTrack, dmwappushservice, WerSvc, DusmSvc, gupdate, gupdatem, bdvpnService, EpsonScanSvc, OneSyncSvc, MapsBroker, CDPSvc","Completado","-17,74","False"
"2026-01-12 12:53:44","reverter-hibernacion [All]","","Revertido","N/A","False"
"2026-01-13 00:33:02","reverter-hibernacion [All]","","Revertido","N/A","False"
"2026-01-13 00:50:52","reverter-hibernacion [DeepWork]","","Revertido","N/A","False"
"2026-01-13 00:51:46","reverter-hibernacion [All]","","Revertido","N/A","False"
"2026-01-14 22:21:44","hiber-Light","DiagTrack, dmwappushservice, WerSvc, DusmSvc, gupdate, gupdatem, bdvpnService, EpsonScanSvc, OneSyncSvc, MapsBroker, CDPSvc","Completado","-65,75","False"
"2026-01-14 22:21:47","hiber-Terceros","LenovoVantageService, AdobeARMservice, BraveElevationService","Completado","0,73","False"
"2026-01-21 10:07:07","hiber-Light","DiagTrack, dmwappushservice, WerSvc, DusmSvc, gupdate, gupdatem, bdvpnService, EpsonScanSvc, OneSyncSvc, MapsBroker, CDPSvc","Completado","-9,36","False"
"2026-01-21 21:32:53","hiber-Light","DiagTrack, dmwappushservice, WerSvc, DusmSvc, gupdate, gupdatem, bdvpnService, EpsonScanSvc, OneSyncSvc, MapsBroker, CDPSvc","Completado","-10,44","False"
"2026-01-22 09:33:23","hiber-Light","DiagTrack, dmwappushservice, WerSvc, DusmSvc, gupdate, gupdatem, bdvpnService, EpsonScanSvc, OneSyncSvc, MapsBroker, CDPSvc","Completado","-84,93","False"
"2026-01-22 10:26:04","hiber-Light","DiagTrack, dmwappushservice, WerSvc, DusmSvc, gupdate, gupdatem, bdvpnService, EpsonScanSvc, OneSyncSvc, MapsBroker, CDPSvc","Completado","10,23","False"
"2026-01-23 20:59:44","hiber-Light","DiagTrack, dmwappushservice, WerSvc, DusmSvc, gupdate, gupdatem, bdvpnService, EpsonScanSvc, OneSyncSvc, MapsBroker, CDPSvc","Completado","-51,19","False"
"2026-01-23 21:01:03","hiber-Terceros","LenovoVantageService, AdobeARMservice, BraveElevationService","Completado","-15,71","False"
"2026-01-24 08:53:35","hiber-Light","DiagTrack, dmwappushservice, WerSvc, DusmSvc, gupdate, gupdatem, bdvpnService, EpsonScanSvc, OneSyncSvc, MapsBroker, CDPSvc","Completado","-137,71","False"
"2026-01-24 08:53:37","hiber-Terceros","LenovoVantageService, AdobeARMservice, BraveElevationService","Completado","-12,71","False"
"2026-01-24 09:58:50","hiber-DeepWork","WSearch, Spooler, SysMain, Themes, WbioSrvc, Stisvc","Completado","33,55","False"
"2026-01-24 18:45:19","hiber-Light","DiagTrack, dmwappushservice, WerSvc, DusmSvc, gupdate, gupdatem, bdvpnService, EpsonScanSvc, OneSyncSvc, MapsBroker, CDPSvc","Completado","19,59","False"
"2026-01-24 18:45:21","hiber-Terceros","LenovoVantageService, AdobeARMservice, BraveElevationService","Completado","0,71","False"
"2026-01-25 00:32:03","reverter-hibernacion [All]","dmwappushservice, AdobeARMservice, bdvpnService, MapsBroker, BraveElevationService, CDPSvc, DusmSvc, OneSyncSvc, WerSvc, DiagTrack, gupdate, LenovoVantageService, EpsonScanSvc, gupdatem","Revertido","N/A","False"
"2026-01-25 11:16:11","hiber-Light","DiagTrack, dmwappushservice, WerSvc, DusmSvc, gupdate, gupdatem, bdvpnService, EpsonScanSvc, OneSyncSvc, MapsBroker, CDPSvc","Completado","-7,16","False"
"2026-01-25 11:16:13","hiber-Terceros","LenovoVantageService, AdobeARMservice, BraveElevationService","Completado","0,18","False"
"2026-01-25 13:31:53","hiber-Light","DiagTrack, dmwappushservice, WerSvc, DusmSvc, gupdate, gupdatem, bdvpnService, EpsonScanSvc, OneSyncSvc, MapsBroker, CDPSvc","Completado","-12,17","False"
"2026-01-25 13:31:54","hiber-Terceros","LenovoVantageService, AdobeARMservice, BraveElevationService","Completado","-0,08","False"
"2026-01-25 13:31:56","hiber-DeepWork","WSearch, Spooler, SysMain, Themes, WbioSrvc, Stisvc","Completado","0,58","False"
"2026-01-26 01:31:32","reverter-hibernacion [All]","WbioSrvc, bdvpnService, EpsonScanSvc, OneSyncSvc, Themes, MapsBroker, DusmSvc, gupdatem, DiagTrack, LenovoVantageService, gupdate, Stisvc, CDPSvc, AdobeARMservice, Spooler, SysMain, WerSvc, BraveElevationService, WSearch, dmwappushservice","Revertido","N/A","False"
"2026-01-26 08:36:17","hiber-Light","DiagTrack, dmwappushservice, WerSvc, DusmSvc, gupdate, gupdatem, bdvpnService, EpsonScanSvc, OneSyncSvc, MapsBroker, CDPSvc","Completado","0,3","False"
"2026-01-26 08:36:18","hiber-Terceros","LenovoVantageService, AdobeARMservice, BraveElevationService","Completado","1,2","False"
"2026-01-27 13:02:46","reverter-hibernacion [All]","","Revertido","N/A","False"
"2026-01-28 13:10:32","hiber-Light","DiagTrack, dmwappushservice, WerSvc, DusmSvc, gupdate, gupdatem, bdvpnService, EpsonScanSvc, OneSyncSvc, MapsBroker, CDPSvc","Completado","-10,78","False"
"2026-01-28 13:10:35","hiber-Terceros","LenovoVantageService, AdobeARMservice, BraveElevationService","Completado","-6,25","False"
"2026-01-28 14:04:03","reverter-hibernacion [All]","","Revertido","N/A","False"
"2026-01-28 21:54:56","reverter-hibernacion [All]","","Revertido","N/A","False"
"2026-01-28 21:55:09","reverter-hibernacion [All]","","Revertido","N/A","False"
"2026-01-30 11:01:31","hiber-Light","DiagTrack, dmwappushservice, WerSvc, DusmSvc, gupdate, gupdatem, bdvpnService, EpsonScanSvc, OneSyncSvc, MapsBroker, CDPSvc","Completado","-8,75","False"
